
> v4trydb@0.1.0 build D:\proj\baq
> next build

   Γû▓ Next.js 15.2.0-canary.62
   - Environments: .env.local

   Creating an optimized production build ...
node.exe : Failed to compile.
At C:\Users\asusv\AppData\Roaming\npm\pnpm.ps1:24 char:5
+     & "node$exe"  "$basedir/node_modules/pnpm/bin/pnpm.cjs" $args
+     ~~~~~~~~~~~~~~~~~~~~~~~~~~~~~~~~~~~~~~~~~~~~~~~~~~~~~~~~~~~~~
    + CategoryInfo          : NotSpecified: (Failed to compile.:String) [], Re 
   moteException
    + FullyQualifiedErrorId : NativeCommandError
 

./components/layouts/zakat/dashboard/chart/radial/s-zi-meja-1.tsx
Error:   [31mx[0m Expected unicode escape
   ,-[[36;1;4mD:\proj\baq\components\layouts\zakat\dashboard\chart\radial\s-zi
-meja-1.tsx[0m:4:1]
 [2m1[0m | "use client"
 [2m2[0m | 
 [2m3[0m | import { Label, PolarRadiusAxis, RadialBar, RadialBarChart } from 
"recharts"
 [2m4[0m | import { Card, CardContent, CardHeader, CardTitle } from 
\"@/components/ui/card\"
   : [35;1m                                                         ^[0m
 [2m5[0m | import { ChartTooltip, ChartTooltipContent } from 
\"@/components/ui/chart\"
 [2m6[0m | import { Separator } from \"@/components/ui/separator\"
 [2m7[0m | import { Weight } from \"lucide-react\"
   `----

Caused by:
    Syntax Error

Import trace for requested module:
./components/layouts/zakat/dashboard/chart/radial/s-zi-meja-1.tsx
./components/layouts/dashboard.tsx


> Build failed because of webpack errors
ΓÇëELIFECYCLEΓÇë Command failed with exit code 1.
